Archive member included to satisfy reference by file (symbol)

F:/stm32_1_9_0/STM32CubeIDE_1.19.0/STM32CubeIDE/plugins/com.st.stm32cube.ide.mcu.externaltools.gnu-tools-for-stm32.13.3.rel1.win32_1.0.0.202411081344/tools/bin/../lib/gcc/arm-none-eabi/13.3.1/../../../../arm-none-eabi/lib/thumb/v7-m/nofp\libc_nano.a(libc_a-exit.o)
                              F:/stm32_1_9_0/STM32CubeIDE_1.19.0/STM32CubeIDE/plugins/com.st.stm32cube.ide.mcu.externaltools.gnu-tools-for-stm32.13.3.rel1.win32_1.0.0.202411081344/tools/bin/../lib/gcc/arm-none-eabi/13.3.1/../../../../arm-none-eabi/lib/thumb/v7-m/nofp/crt0.o (exit)
F:/stm32_1_9_0/STM32CubeIDE_1.19.0/STM32CubeIDE/plugins/com.st.stm32cube.ide.mcu.externaltools.gnu-tools-for-stm32.13.3.rel1.win32_1.0.0.202411081344/tools/bin/../lib/gcc/arm-none-eabi/13.3.1/../../../../arm-none-eabi/lib/thumb/v7-m/nofp\libc_nano.a(libc_a-findfp.o)
                              F:/stm32_1_9_0/STM32CubeIDE_1.19.0/STM32CubeIDE/plugins/com.st.stm32cube.ide.mcu.externaltools.gnu-tools-for-stm32.13.3.rel1.win32_1.0.0.202411081344/tools/bin/../lib/gcc/arm-none-eabi/13.3.1/../../../../arm-none-eabi/lib/thumb/v7-m/nofp\libc_nano.a(libc_a-exit.o) (__stdio_exit_handler)
F:/stm32_1_9_0/STM32CubeIDE_1.19.0/STM32CubeIDE/plugins/com.st.stm32cube.ide.mcu.externaltools.gnu-tools-for-stm32.13.3.rel1.win32_1.0.0.202411081344/tools/bin/../lib/gcc/arm-none-eabi/13.3.1/../../../../arm-none-eabi/lib/thumb/v7-m/nofp\libc_nano.a(libc_a-fwalk.o)
                              F:/stm32_1_9_0/STM32CubeIDE_1.19.0/STM32CubeIDE/plugins/com.st.stm32cube.ide.mcu.externaltools.gnu-tools-for-stm32.13.3.rel1.win32_1.0.0.202411081344/tools/bin/../lib/gcc/arm-none-eabi/13.3.1/../../../../arm-none-eabi/lib/thumb/v7-m/nofp\libc_nano.a(libc_a-findfp.o) (_fwalk_sglue)
F:/stm32_1_9_0/STM32CubeIDE_1.19.0/STM32CubeIDE/plugins/com.st.stm32cube.ide.mcu.externaltools.gnu-tools-for-stm32.13.3.rel1.win32_1.0.0.202411081344/tools/bin/../lib/gcc/arm-none-eabi/13.3.1/../../../../arm-none-eabi/lib/thumb/v7-m/nofp\libc_nano.a(libc_a-stdio.o)
                              F:/stm32_1_9_0/STM32CubeIDE_1.19.0/STM32CubeIDE/plugins/com.st.stm32cube.ide.mcu.externaltools.gnu-tools-for-stm32.13.3.rel1.win32_1.0.0.202411081344/tools/bin/../lib/gcc/arm-none-eabi/13.3.1/../../../../arm-none-eabi/lib/thumb/v7-m/nofp\libc_nano.a(libc_a-findfp.o) (__sread)
F:/stm32_1_9_0/STM32CubeIDE_1.19.0/STM32CubeIDE/plugins/com.st.stm32cube.ide.mcu.externaltools.gnu-tools-for-stm32.13.3.rel1.win32_1.0.0.202411081344/tools/bin/../lib/gcc/arm-none-eabi/13.3.1/../../../../arm-none-eabi/lib/thumb/v7-m/nofp\libc_nano.a(libc_a-memset.o)
                              F:/stm32_1_9_0/STM32CubeIDE_1.19.0/STM32CubeIDE/plugins/com.st.stm32cube.ide.mcu.externaltools.gnu-tools-for-stm32.13.3.rel1.win32_1.0.0.202411081344/tools/bin/../lib/gcc/arm-none-eabi/13.3.1/../../../../arm-none-eabi/lib/thumb/v7-m/nofp/crt0.o (memset)
F:/stm32_1_9_0/STM32CubeIDE_1.19.0/STM32CubeIDE/plugins/com.st.stm32cube.ide.mcu.externaltools.gnu-tools-for-stm32.13.3.rel1.win32_1.0.0.202411081344/tools/bin/../lib/gcc/arm-none-eabi/13.3.1/../../../../arm-none-eabi/lib/thumb/v7-m/nofp\libc_nano.a(libc_a-closer.o)
                              F:/stm32_1_9_0/STM32CubeIDE_1.19.0/STM32CubeIDE/plugins/com.st.stm32cube.ide.mcu.externaltools.gnu-tools-for-stm32.13.3.rel1.win32_1.0.0.202411081344/tools/bin/../lib/gcc/arm-none-eabi/13.3.1/../../../../arm-none-eabi/lib/thumb/v7-m/nofp\libc_nano.a(libc_a-stdio.o) (_close_r)
F:/stm32_1_9_0/STM32CubeIDE_1.19.0/STM32CubeIDE/plugins/com.st.stm32cube.ide.mcu.externaltools.gnu-tools-for-stm32.13.3.rel1.win32_1.0.0.202411081344/tools/bin/../lib/gcc/arm-none-eabi/13.3.1/../../../../arm-none-eabi/lib/thumb/v7-m/nofp\libc_nano.a(libc_a-reent.o)
                              F:/stm32_1_9_0/STM32CubeIDE_1.19.0/STM32CubeIDE/plugins/com.st.stm32cube.ide.mcu.externaltools.gnu-tools-for-stm32.13.3.rel1.win32_1.0.0.202411081344/tools/bin/../lib/gcc/arm-none-eabi/13.3.1/../../../../arm-none-eabi/lib/thumb/v7-m/nofp\libc_nano.a(libc_a-closer.o) (errno)
F:/stm32_1_9_0/STM32CubeIDE_1.19.0/STM32CubeIDE/plugins/com.st.stm32cube.ide.mcu.externaltools.gnu-tools-for-stm32.13.3.rel1.win32_1.0.0.202411081344/tools/bin/../lib/gcc/arm-none-eabi/13.3.1/../../../../arm-none-eabi/lib/thumb/v7-m/nofp\libc_nano.a(libc_a-impure.o)
                              F:/stm32_1_9_0/STM32CubeIDE_1.19.0/STM32CubeIDE/plugins/com.st.stm32cube.ide.mcu.externaltools.gnu-tools-for-stm32.13.3.rel1.win32_1.0.0.202411081344/tools/bin/../lib/gcc/arm-none-eabi/13.3.1/../../../../arm-none-eabi/lib/thumb/v7-m/nofp\libc_nano.a(libc_a-reent.o) (_impure_ptr)
F:/stm32_1_9_0/STM32CubeIDE_1.19.0/STM32CubeIDE/plugins/com.st.stm32cube.ide.mcu.externaltools.gnu-tools-for-stm32.13.3.rel1.win32_1.0.0.202411081344/tools/bin/../lib/gcc/arm-none-eabi/13.3.1/../../../../arm-none-eabi/lib/thumb/v7-m/nofp\libc_nano.a(libc_a-lseekr.o)
[...]
Memory Configuration

Name             Origin             Length             Attributes
RAM              0x20000000         0x00005000         xrw
FLASH            0x08000000         0x00010000         xr
*default*        0x00000000         0xffffffff

Linker script and memory map

LOAD F:/stm32_1_9_0/STM32CubeIDE_1.19.0/STM32CubeIDE/plugins/com.st.stm32cube.ide.mcu.externaltools.gnu-tools-for-stm32.13.3.rel1.win32_1.0.0.202411081344/tools/bin/../lib/gcc/arm-none-eabi/13.3.1/thumb/v7-m/nofp/crti.o
LOAD F:/stm32_1_9_0/STM32CubeIDE_1.19.0/STM32CubeIDE/plugins/com.st.stm32cube.ide.mcu.externaltools.gnu-tools-for-stm32.13.3.rel1.win32_1.0.0.202411081344/tools/bin/../lib/gcc/arm-none-eabi/13.3.1/thumb/v7-m/nofp/crtbegin.o
LOAD F:/stm32_1_9_0/STM32CubeIDE_1.19.0/STM32CubeIDE/plugins/com.st.stm32cube.ide.mcu.externaltools.gnu-tools-for-stm32.13.3.rel1.win32_1.0.0.202411081344/tools/bin/../lib/gcc/arm-none-eabi/13.3.1/../../../../arm-none-eabi/lib/thumb/v7-m/nofp/crt0.o
LOAD ./Src/can.o
LOAD ./Src/fonts.o
LOAD ./Src/main.o
LOAD ./Src/servo.o
LOAD ./Src/spi.o
LOAD ./Src/ssd1306.o
LOAD ./Src/syscalls.o
LOAD ./Src/sysmem.o
LOAD ./Startup/startup_stm32f103c8tx.o
START GROUP
LOAD F:/stm32_1_9_0/STM32CubeIDE_1.19.0/STM32CubeIDE/plugins/com.st.stm32cube.ide.mcu.externaltools.gnu-tools-for-stm32.13.3.rel1.win32_1.0.0.202411081344/tools/bin/../lib/gcc/arm-none-eabi/13.3.1/../../../../arm-none-eabi/lib/thumb/v7-m/nofp\libc_nano.a
LOAD F:/stm32_1_9_0/STM32CubeIDE_1.19.0/STM32CubeIDE/plugins/com.st.stm32cube.ide.mcu.externaltools.gnu-tools-for-stm32.13.3.rel1.win32_1.0.0.202411081344/tools/bin/../lib/gcc/arm-none-eabi/13.3.1/../../../../arm-none-eabi/lib/thumb/v7-m/nofp\libm.a
END GROUP
START GROUP
LOAD F:/stm32_1_9_0/STM32CubeIDE_1.19.0/STM32CubeIDE/plugins/com.st.stm32cube.ide.mcu.externaltools.gnu-tools-for-stm32.13.3.rel1.win32_1.0.0.202411081344/tools/bin/../lib/gcc/arm-none-eabi/13.3.1/thumb/v7-m/nofp\libgcc.a
LOAD F:/stm32_1_9_0/STM32CubeIDE_1.19.0/STM32CubeIDE/plugins/com.st.stm32cube.ide.mcu.externaltools.gnu-tools-for-stm32.13.3.rel1.win32_1.0.0.202411081344/tools/bin/../lib/gcc/arm-none-eabi/13.3.1/../../../../arm-none-eabi/lib/thumb/v7-m/nofp\libc_nano.a
END GROUP
START GROUP
LOAD F:/stm32_1_9_0/STM32CubeIDE_1.19.0/STM32CubeIDE/plugins/com.st.stm32cube.ide.mcu.externaltools.gnu-tools-for-stm32.13.3.rel1.win32_1.0.0.202411081344/tools/bin/../lib/gcc/arm-none-eabi/13.3.1/thumb/v7-m/nofp\libgcc.a
LOAD F:/stm32_1_9_0/STM32CubeIDE_1.19.0/STM32CubeIDE/plugins/com.st.stm32cube.ide.mcu.externaltools.gnu-tools-for-stm32.13.3.rel1.win32_1.0.0.202411081344/tools/bin/../lib/gcc/arm-none-eabi/13.3.1/../../../../arm-none-eabi/lib/thumb/v7-m/nofp\libc_nano.a
LOAD F:/stm32_1_9_0/STM32CubeIDE_1.19.0/STM32CubeIDE/plugins/com.st.stm32cube.ide.mcu.externaltools.gnu-tools-for-stm32.13.3.rel1.win32_1.0.0.202411081344/tools/bin/../lib/gcc/arm-none-eabi/13.3.1/../../../../arm-none-eabi/lib/thumb/v7-m/nofp\libnosys.a
END GROUP
START GROUP
LOAD F:/stm32_1_9_0/STM32CubeIDE_1.19.0/STM32CubeIDE/plugins/com.st.stm32cube.ide.mcu.externaltools.gnu-tools-for-stm32.13.3.rel1.win32_1.0.0.202411081344/tools/bin/../lib/gcc/arm-none-eabi/13.3.1/thumb/v7-m/nofp\libgcc.a
LOAD F:/stm32_1_9_0/STM32CubeIDE_1.19.0/STM32CubeIDE/plugins/com.st.stm32cube.ide.mcu.externaltools.gnu-tools-for-stm32.13.3.rel1.win32_1.0.0.202411081344/tools/bin/../lib/gcc/arm-none-eabi/13.3.1/../../../../arm-none-eabi/lib/thumb/v7-m/nofp\libc_nano.a
LOAD F:/stm32_1_9_0/STM32CubeIDE_1.19.0/STM32CubeIDE/plugins/com.st.stm32cube.ide.mcu.externaltools.gnu-tools-for-stm32.13.3.rel1.win32_1.0.0.202411081344/tools/bin/../lib/gcc/arm-none-eabi/13.3.1/../../../../arm-none-eabi/lib/thumb/v7-m/nofp\libnosys.a
END GROUP
LOAD F:/stm32_1_9_0/STM32CubeIDE_1.19.0/STM32CubeIDE/plugins/com.st.stm32cube.ide.mcu.externaltools.gnu-tools-for-stm32.13.3.rel1.win32_1.0.0.202411081344/tools/bin/../lib/gcc/arm-none-eabi/13.3.1/thumb/v7-m/nofp/crtend.o
LOAD F:/stm32_1_9_0/STM32CubeIDE_1.19.0/STM32CubeIDE/plugins/com.st.stm32cube.ide.mcu.externaltools.gnu-tools-for-stm32.13.3.rel1.win32_1.0.0.202411081344/tools/bin/../lib/gcc/arm-none-eabi/13.3.1/thumb/v7-m/nofp/crtn.o
                0x20005000                        _estack = (ORIGIN (RAM) + LENGTH (RAM))
                0x00000200                        _Min_Heap_Size = 0x200
                0x00000400                        _Min_Stack_Size = 0x400

.isr_vector     0x08000000      0x130
                0x08000000                        . = ALIGN (0x4)
 *(.isr_vector)
 .isr_vector    0x08000000      0x130 ./Startup/startup_stm32f103c8tx.o
                0x08000000                g_pfnVectors
                0x08000130                        . = ALIGN (0x4)

.text           0x08000130      0x850
                0x08000130                        . = ALIGN (0x4)
 *(.text)
 .text          0x08000130       0x40 F:/stm32_1_9_0/STM32CubeIDE_1.19.0/STM32CubeIDE/plugins/com.st.stm32cube.ide.mcu.externaltools.gnu-tools-for-stm32.13.3.rel1.win32_1.0.0.202411081344/tools/bin/../lib/gcc/arm-none-eabi/13.3.1/thumb/v7-m/nofp/crtbegin.o
 *(.text*)
 .text.CAN_Init
                0x08000170       0xf4 ./Src/can.o
                0x08000170                CAN_Init
 .text.CAN_ReadAngle
                0x08000264       0x40 ./Src/can.o
                0x08000264                CAN_ReadAngle
 .text.int_to_str
                0x080002a4       0x98 ./Src/main.o
                0x080002a4                int_to_str
 .text.SystemClock_Config
                0x0800033c       0x7c ./Src/main.o
                0x0800033c                SystemClock_Config
 .text.main     0x080003b8      0x11c ./Src/main.o
                0x080003b8                main
 .text.Servo_Init
                0x080004d4       0x80 ./Src/servo.o
                0x080004d4                Servo_Init
 .text.Servo_SetAngle
                0x08000554       0x48 ./Src/servo.o
                0x08000554                Servo_SetAngle
 .text.SPI1_Init
                0x0800059c       0x68 ./Src/spi.o
                0x0800059c                SPI1_Init
 .text.SPI1_Write
                0x08000604       0x3c ./Src/spi.o
                0x08000604                SPI1_Write
 .text.delay    0x08000640       0x20 ./Src/ssd1306.o
 .text.OLED_Cmd
                0x08000660       0x34 ./Src/ssd1306.o
 .text.OLED_Data
                0x08000694       0x34 ./Src/ssd1306.o
 .text.SSD1306_Init
                0x080006c8      0x120 ./Src/ssd1306.o
                0x080006c8                SSD1306_Init
 .text.SSD1306_SetCursor
                0x080007e8       0x42 ./Src/ssd1306.o
                0x080007e8                SSD1306_SetCursor
 .text.SSD1306_Clear
                0x0800082a       0x46 ./Src/ssd1306.o
                0x0800082a                SSD1306_Clear
 .text.SSD1306_Print
                0x08000870       0x5c ./Src/ssd1306.o
                0x08000870                SSD1306_Print
 .text.Reset_Handler
                0x080008cc       0x50 ./Startup/startup_stm32f103c8tx.o
                0x080008cc                Reset_Handler
 .text.Default_Handler
                0x0800091c        0x2 ./Startup/startup_stm32f103c8tx.o
                0x0800091c                EXTI2_IRQHandler
                0x0800091c                TIM8_TRG_COM_IRQHandler
                0x0800091c                TIM8_CC_IRQHandler
                0x0800091c                DebugMon_Handler
                0x0800091c                TIM1_CC_IRQHandler
                0x0800091c                HardFault_Handler
                0x0800091c                TIM6_IRQHandler
                0x0800091c                SysTick_Handler
                0x0800091c                PVD_IRQHandler
                0x0800091c                SDIO_IRQHandler
                0x0800091c                PendSV_Handler
                0x0800091c                NMI_Handler
                0x0800091c                EXTI3_IRQHandler
                0x0800091c                USB_HP_CAN_TX_IRQHandler
                0x0800091c                EXTI0_IRQHandler
                0x0800091c                I2C2_EV_IRQHandler
                0x0800091c                UsageFault_Handler
                0x0800091c                ADC1_2_IRQHandler
                0x0800091c                SPI1_IRQHandler
                0x0800091c                CAN_SCE_IRQHandler
                0x0800091c                TAMPER_IRQHandler
                0x0800091c                TIM8_UP_IRQHandler
                0x0800091c                DMA2_Channel2_IRQHandler
                0x0800091c                DMA1_Channel4_IRQHandler
                0x0800091c                USART3_IRQHandler
                0x0800091c                RTC_IRQHandler
                0x0800091c                DMA1_Channel7_IRQHandler
                0x0800091c                UART5_IRQHandler
                0x0800091c                ADC3_IRQHandler
                0x0800091c                TIM4_IRQHandler
                0x0800091c                CAN_RX1_IRQHandler
                0x0800091c                DMA2_Channel1_IRQHandler
                0x0800091c                I2C1_EV_IRQHandler
                0x0800091c                DMA1_Channel6_IRQHandler
                0x0800091c                UART4_IRQHandler
                0x0800091c                TIM3_IRQHandler
                0x0800091c                RCC_IRQHandler
                0x0800091c                TIM1_TRG_COM_IRQHandler
                0x0800091c                DMA1_Channel1_IRQHandler
                0x0800091c                Default_Handler
                0x0800091c                EXTI15_10_IRQHandler
                0x0800091c                TIM7_IRQHandler
                0x0800091c                TIM5_IRQHandler
                0x0800091c                EXTI9_5_IRQHandler
                0x0800091c                SPI2_IRQHandler
                0x0800091c                USB_LP_CAN_RX0_IRQHandler
                0x0800091c                MemManage_Handler
                0x0800091c                SVC_Handler
                0x0800091c                DMA1_Channel5_IRQHandler
                0x0800091c                EXTI4_IRQHandler
                0x0800091c                DMA1_Channel3_IRQHandler
                0x0800091c                FSMC_IRQHandler
                0x0800091c                TIM1_UP_IRQHandler
                0x0800091c                WWDG_IRQHandler
                0x0800091c                TIM2_IRQHandler
                0x0800091c                TIM1_BRK_IRQHandler
                0x0800091c                EXTI1_IRQHandler
                0x0800091c                RTCAlarm_IRQHandler
                0x0800091c                DMA2_Channel4_5_IRQHandler
                0x0800091c                USART2_IRQHandler
                0x0800091c                I2C2_ER_IRQHandler
                0x0800091c                DMA1_Channel2_IRQHandler
                0x0800091c                TIM8_BRK_IRQHandler
                0x0800091c                FLASH_IRQHandler
                0x0800091c                BusFault_Handler
                0x0800091c                USART1_IRQHandler
                0x0800091c                SPI3_IRQHandler
                0x0800091c                I2C1_ER_IRQHandler
                0x0800091c                DMA2_Channel3_IRQHandler
 *fill*         0x0800091e        0x2 
 .text.__libc_init_array
                0x08000920       0x48 F:/stm32_1_9_0/STM32CubeIDE_1.19.0/STM32CubeIDE/plugins/com.st.stm32cube.ide.mcu.externaltools.gnu-tools-for-stm32.13.3.rel1.win32_1.0.0.202411081344/tools/bin/../lib/gcc/arm-none-eabi/13.3.1/../../../../arm-none-eabi/lib/thumb/v7-m/nofp\libc_nano.a(libc_a-init.o)
                0x08000920                __libc_init_array
 *(.glue_7)
 .glue_7        0x08000968        0x0 linker stubs
 *(.glue_7t)
 .glue_7t       0x08000968        0x0 linker stubs
 *(.eh_frame)
 .eh_frame      0x08000968        0x0 F:/stm32_1_9_0/STM32CubeIDE_1.19.0/STM32CubeIDE/plugins/com.st.stm32cube.ide.mcu.externaltools.gnu-tools-for-stm32.13.3.rel1.win32_1.0.0.202411081344/tools/bin/../lib/gcc/arm-none-eabi/13.3.1/thumb/v7-m/nofp/crtbegin.o
 *(.init)
 .init          0x08000968        0x4 F:/stm32_1_9_0/STM32CubeIDE_1.19.0/STM32CubeIDE/plugins/com.st.stm32cube.ide.mcu.externaltools.gnu-tools-for-stm32.13.3.rel1.win32_1.0.0.202411081344/tools/bin/../lib/gcc/arm-none-eabi/13.3.1/thumb/v7-m/nofp/crti.o
                0x08000968                _init
 .init          0x0800096c        0x8 F:/stm32_1_9_0/STM32CubeIDE_1.19.0/STM32CubeIDE/plugins/com.st.stm32cube.ide.mcu.externaltools.gnu-tools-for-stm32.13.3.rel1.win32_1.0.0.202411081344/tools/bin/../lib/gcc/arm-none-eabi/13.3.1/thumb/v7-m/nofp/crtn.o
 *(.fini)
 .fini          0x08000974        0x4 F:/stm32_1_9_0/STM32CubeIDE_1.19.0/STM32CubeIDE/plugins/com.st.stm32cube.ide.mcu.externaltools.gnu-tools-for-stm32.13.3.rel1.win32_1.0.0.202411081344/tools/bin/../lib/gcc/arm-none-eabi/13.3.1/thumb/v7-m/nofp/crti.o
                0x08000974                _fini
 .fini          0x08000978        0x8 F:/stm32_1_9_0/STM32CubeIDE_1.19.0/STM32CubeIDE/plugins/com.st.stm32cube.ide.mcu.externaltools.gnu-tools-for-stm32.13.3.rel1.win32_1.0.0.202411081344/tools/bin/../lib/gcc/arm-none-eabi/13.3.1/thumb/v7-m/nofp/crtn.o
                0x08000980                        . = ALIGN (0x4)
                0x08000980                        _etext = .

.vfp11_veneer   0x08000980        0x0
 .vfp11_veneer  0x08000980        0x0 linker stubs

.v4_bx          0x08000980        0x0
 .v4_bx         0x08000980        0x0 linker stubs

.iplt           0x08000980        0x0
 .iplt          0x08000980        0x0 F:/stm32_1_9_0/STM32CubeIDE_1.19.0/STM32CubeIDE/plugins/com.st.stm32cube.ide.mcu.externaltools.gnu-tools-for-stm32.13.3.rel1.win32_1.0.0.202411081344/tools/bin/../lib/gcc/arm-none-eabi/13.3.1/thumb/v7-m/nofp/crtbegin.o

.rodata         0x08000980      0x178
                0x08000980                        . = ALIGN (0x4)
 *(.rodata)
 .rodata        0x08000980       0x4d ./Src/main.o
 *(.rodata*)
 *fill*         0x080009cd        0x3 
 .rodata.Font5x7
                0x080009d0      0x127 ./Src/fonts.o
                0x080009d0                Font5x7
                0x08000af8                        . = ALIGN (0x4)
 *fill*         0x08000af7        0x1 

.ARM.extab      0x08000af8        0x0
                0x08000af8                        . = ALIGN (0x4)
 *(.ARM.extab* .gnu.linkonce.armextab.*)
                0x08000af8                        . = ALIGN (0x4)

.ARM            0x08000af8        0x0
                0x08000af8                        . = ALIGN (0x4)
                0x08000af8                        __exidx_start = .
 *(.ARM.exidx*)
                0x08000af8                        __exidx_end = .
                0x08000af8                        . = ALIGN (0x4)

.preinit_array  0x08000af8        0x0
                0x08000af8                        . = ALIGN (0x4)
                0x08000af8                        PROVIDE (__preinit_array_start = .)
 *(.preinit_array*)
                0x08000af8                        PROVIDE (__preinit_array_end = .)
                0x08000af8                        . = ALIGN (0x4)

.init_array     0x08000af8        0x4
                0x08000af8                        . = ALIGN (0x4)
                0x08000af8                        PROVIDE (__init_array_start = .)
 *(SORT_BY_NAME(.init_array.*))
 *(.init_array*)
 .init_array    0x08000af8        0x4 F:/stm32_1_9_0/STM32CubeIDE_1.19.0/STM32CubeIDE/plugins/com.st.stm32cube.ide.mcu.externaltools.gnu-tools-for-stm32.13.3.rel1.win32_1.0.0.202411081344/tools/bin/../lib/gcc/arm-none-eabi/13.3.1/thumb/v7-m/nofp/crtbegin.o
                0x08000afc                        PROVIDE (__init_array_end = .)
                0x08000afc                        . = ALIGN (0x4)

.fini_array     0x08000afc        0x4
                0x08000afc                        . = ALIGN (0x4)
                [!provide]                        PROVIDE (__fini_array_start = .)
 *(SORT_BY_NAME(.fini_array.*))
 *(.fini_array*)
 .fini_array    0x08000afc        0x4 F:/stm32_1_9_0/STM32CubeIDE_1.19.0/STM32CubeIDE/plugins/com.st.stm32cube.ide.mcu.externaltools.gnu-tools-for-stm32.13.3.rel1.win32_1.0.0.202411081344/tools/bin/../lib/gcc/arm-none-eabi/13.3.1/thumb/v7-m/nofp/crtbegin.o
                [!provide]                        PROVIDE (__fini_array_end = .)
                0x08000b00                        . = ALIGN (0x4)
                0x08000b00                        _sidata = LOADADDR (.data)

.rel.dyn        0x08000b00        0x0
 .rel.iplt      0x08000b00        0x0 F:/stm32_1_9_0/STM32CubeIDE_1.19.0/STM32CubeIDE/plugins/com.st.stm32cube.ide.mcu.externaltools.gnu-tools-for-stm32.13.3.rel1.win32_1.0.0.202411081344/tools/bin/../lib/gcc/arm-none-eabi/13.3.1/thumb/v7-m/nofp/crtbegin.o

.data           0x20000000        0x0 load address 0x08000b00
                0x20000000                        . = ALIGN (0x4)
                0x20000000                        _sdata = .
 *(.data)
 *(.data*)
 *(.RamFunc)
 *(.RamFunc*)
                0x20000000                        . = ALIGN (0x4)
                0x20000000                        _edata = .

.igot.plt       0x20000000        0x0 load address 0x08000b00
 .igot.plt      0x20000000        0x0 F:/stm32_1_9_0/STM32CubeIDE_1.19.0/STM32CubeIDE/plugins/com.st.stm32cube.ide.mcu.externaltools.gnu-tools-for-stm32.13.3.rel1.win32_1.0.0.202411081344/tools/bin/../lib/gcc/arm-none-eabi/13.3.1/thumb/v7-m/nofp/crtbegin.o
                0x20000000                        . = ALIGN (0x4)

.bss            0x20000000       0x1c load address 0x08000b00
                0x20000000                        _sbss = .
                0x20000000                        __bss_start__ = _sbss
 *(.bss)
 .bss           0x20000000       0x1c F:/stm32_1_9_0/STM32CubeIDE_1.19.0/STM32CubeIDE/plugins/com.st.stm32cube.ide.mcu.externaltools.gnu-tools-for-stm32.13.3.rel1.win32_1.0.0.202411081344/tools/bin/../lib/gcc/arm-none-eabi/13.3.1/thumb/v7-m/nofp/crtbegin.o
 *(.bss*)
 *(COMMON)
                0x2000001c                        . = ALIGN (0x4)
                0x2000001c                        _ebss = .
                0x2000001c                        __bss_end__ = _ebss

._user_heap_stack
                0x2000001c      0x604 load address 0x08000b00
                0x20000020                        . = ALIGN (0x8)
 *fill*         0x2000001c        0x4 
                [!provide]                        PROVIDE (end = .)
                0x20000020                        PROVIDE (_end = .)
                0x20000220                        . = (. + _Min_Heap_Size)
 *fill*         0x20000020      0x200 
                0x20000620                        . = (. + _Min_Stack_Size)
 *fill*         0x20000220      0x400 
                0x20000620                        . = ALIGN (0x8)

/DISCARD/
 libc.a(*)
 libm.a(*)
 libgcc.a(*)

.ARM.attributes
                0x00000000       0x29
 *(.ARM.attributes)
 .ARM.attributes
                0x00000000       0x1d F:/stm32_1_9_0/STM32CubeIDE_1.19.0/STM32CubeIDE/plugins/com.st.stm32cube.ide.mcu.externaltools.gnu-tools-for-stm32.13.3.rel1.win32_1.0.0.202411081344/tools/bin/../lib/gcc/arm-none-eabi/13.3.1/thumb/v7-m/nofp/crti.o
 .ARM.attributes
                0x0000001d       0x2d F:/stm32_1_9_0/STM32CubeIDE_1.19.0/STM32CubeIDE/plugins/com.st.stm32cube.ide.mcu.externaltools.gnu-tools-for-stm32.13.3.rel1.win32_1.0.0.202411081344/tools/bin/../lib/gcc/arm-none-eabi/13.3.1/thumb/v7-m/nofp/crtbegin.o
 .ARM.attributes
                0x0000004a       0x2d ./Src/can.o
 .ARM.attributes
                0x00000077       0x2d ./Src/fonts.o
 .ARM.attributes
                0x000000a4       0x2d ./Src/main.o
 .ARM.attributes
                0x000000d1       0x2d ./Src/servo.o
 .ARM.attributes
                0x000000fe       0x2d ./Src/spi.o
 .ARM.attributes
                0x0000012b       0x2d ./Src/ssd1306.o
 .ARM.attributes
                0x00000158       0x21 ./Startup/startup_stm32f103c8tx.o
 .ARM.attributes
                0x00000179       0x2d F:/stm32_1_9_0/STM32CubeIDE_1.19.0/STM32CubeIDE/plugins/com.st.stm32cube.ide.mcu.externaltools.gnu-tools-for-stm32.13.3.rel1.win32_1.0.0.202411081344/tools/bin/../lib/gcc/arm-none-eabi/13.3.1/../../../../arm-none-eabi/lib/thumb/v7-m/nofp\libc_nano.a(libc_a-init.o)
 .ARM.attributes
                0x000001a6       0x1d F:/stm32_1_9_0/STM32CubeIDE_1.19.0/STM32CubeIDE/plugins/com.st.stm32cube.ide.mcu.externaltools.gnu-tools-for-stm32.13.3.rel1.win32_1.0.0.202411081344/tools/bin/../lib/gcc/arm-none-eabi/13.3.1/thumb/v7-m/nofp/crtn.o
OUTPUT(slave_pj.elf elf32-littlearm)
LOAD linker stubs
LOAD F:/stm32_1_9_0/STM32CubeIDE_1.19.0/STM32CubeIDE/plugins/com.st.stm32cube.ide.mcu.externaltools.gnu-tools-for-stm32.13.3.rel1.win32_1.0.0.202411081344/tools/bin/../lib/gcc/arm-none-eabi/13.3.1/../../../../arm-none-eabi/lib/thumb/v7-m/nofp\libc.a
LOAD F:/stm32_1_9_0/STM32CubeIDE_1.19.0/STM32CubeIDE/plugins/com.st.stm32cube.ide.mcu.externaltools.gnu-tools-for-stm32.13.3.rel1.win32_1.0.0.202411081344/tools/bin/../lib/gcc/arm-none-eabi/13.3.1/../../../../arm-none-eabi/lib/thumb/v7-m/nofp\libm.a
LOAD F:/stm32_1_9_0/STM32CubeIDE_1.19.0/STM32CubeIDE/plugins/com.st.stm32cube.ide.mcu.externaltools.gnu-tools-for-stm32.13.3.rel1.win32_1.0.0.202411081344/tools/bin/../lib/gcc/arm-none-eabi/13.3.1/thumb/v7-m/nofp\libgcc.a

.debug_info     0x00000000     0x1082
 .debug_info    0x00000000      0x461 ./Src/can.o
 .debug_info    0x00000461       0xd5 ./Src/fonts.o
 .debug_info    0x00000536      0x2f4 ./Src/main.o
 .debug_info    0x0000082a      0x2e2 ./Src/servo.o
 .debug_info    0x00000b0c      0x243 ./Src/spi.o
 .debug_info    0x00000d4f      0x303 ./Src/ssd1306.o
 .debug_info    0x00001052       0x30 ./Startup/startup_stm32f103c8tx.o

.debug_abbrev   0x00000000      0x6f3
 .debug_abbrev  0x00000000      0x1ad ./Src/can.o
 .debug_abbrev  0x000001ad       0x79 ./Src/fonts.o
 .debug_abbrev  0x00000226      0x175 ./Src/main.o
 .debug_abbrev  0x0000039b       0xce ./Src/servo.o
 .debug_abbrev  0x00000469       0xcf ./Src/spi.o
 .debug_abbrev  0x00000538      0x197 ./Src/ssd1306.o
 .debug_abbrev  0x000006cf       0x24 ./Startup/startup_stm32f103c8tx.o

.debug_aranges  0x00000000      0x140
 .debug_aranges
                0x00000000       0x30 ./Src/can.o
 .debug_aranges
                0x00000030       0x18 ./Src/fonts.o
 .debug_aranges
                0x00000048       0x30 ./Src/main.o
 .debug_aranges
                0x00000078       0x28 ./Src/servo.o
 .debug_aranges
                0x000000a0       0x28 ./Src/spi.o
 .debug_aranges
                0x000000c8       0x50 ./Src/ssd1306.o
 .debug_aranges
                0x00000118       0x28 ./Startup/startup_stm32f103c8tx.o

.debug_rnglists
                0x00000000       0xc6
 .debug_rnglists
                0x00000000       0x21 ./Src/can.o
 .debug_rnglists
                0x00000021       0x21 ./Src/main.o
 .debug_rnglists
                0x00000042       0x1a ./Src/servo.o
 .debug_rnglists
                0x0000005c       0x19 ./Src/spi.o
 .debug_rnglists
                0x00000075       0x38 ./Src/ssd1306.o
 .debug_rnglists
                0x000000ad       0x19 ./Startup/startup_stm32f103c8tx.o

.debug_macro    0x00000000    0x10253
 .debug_macro   0x00000000       0xb7 ./Src/can.o
 .debug_macro   0x000000b7      0xad2 ./Src/can.o
 .debug_macro   0x00000b89       0x22 ./Src/can.o
 .debug_macro   0x00000bab       0x22 ./Src/can.o
 .debug_macro   0x00000bcd       0x8e ./Src/can.o
 .debug_macro   0x00000c5b       0x51 ./Src/can.o
 .debug_macro   0x00000cac      0x103 ./Src/can.o
 .debug_macro   0x00000daf       0x6a ./Src/can.o
 .debug_macro   0x00000e19      0x1df ./Src/can.o
 .debug_macro   0x00000ff8       0x1c ./Src/can.o
 .debug_macro   0x00001014       0x22 ./Src/can.o
 .debug_macro   0x00001036       0xbd ./Src/can.o
 .debug_macro   0x000010f3      0xd23 ./Src/can.o
 .debug_macro   0x00001e16     0xe09e ./Src/can.o
 .debug_macro   0x0000feb4       0x6d ./Src/fonts.o
 .debug_macro   0x0000ff21       0xd5 ./Src/main.o
 .debug_macro   0x0000fff6       0xb7 ./Src/servo.o
 .debug_macro   0x000100ad       0xb7 ./Src/spi.o
 .debug_macro   0x00010164       0xef ./Src/ssd1306.o

.debug_line     0x00000000     0x2233
 .debug_line    0x00000000      0x61a ./Src/can.o
 .debug_line    0x0000061a      0x3f4 ./Src/fonts.o
 .debug_line    0x00000a0e      0x68b ./Src/main.o
 .debug_line    0x00001099      0x54e ./Src/servo.o
 .debug_line    0x000015e7      0x54f ./Src/spi.o
 .debug_line    0x00001b36      0x682 ./Src/ssd1306.o
 .debug_line    0x000021b8       0x7b ./Startup/startup_stm32f103c8tx.o

.debug_str      0x00000000    0x541ac
 .debug_str     0x00000000    0x541ac ./Src/can.o
                              0x54116 (size before relaxing)
 .debug_str     0x000541ac     0x3d4c ./Src/fonts.o
 .debug_str     0x000541ac    0x540d7 ./Src/main.o
 .debug_str     0x000541ac    0x5404d ./Src/servo.o
 .debug_str     0x000541ac    0x54026 ./Src/spi.o
 .debug_str     0x000541ac    0x54123 ./Src/ssd1306.o
 .debug_str     0x000541ac       0x5b ./Startup/startup_stm32f103c8tx.o

.comment        0x00000000       0x43
 .comment       0x00000000       0x43 ./Src/can.o
                                 0x44 (size before relaxing)
 .comment       0x00000043       0x44 ./Src/fonts.o
 .comment       0x00000043       0x44 ./Src/main.o
 .comment       0x00000043       0x44 ./Src/servo.o
 .comment       0x00000043       0x44 ./Src/spi.o
 .comment       0x00000043       0x44 ./Src/ssd1306.o

.debug_frame    0x00000000      0x2dc
 .debug_frame   0x00000000       0x80 ./Src/can.o
 .debug_frame   0x00000080       0x78 ./Src/main.o
 .debug_frame   0x000000f8       0x58 ./Src/servo.o
 .debug_frame   0x00000150       0x58 ./Src/spi.o
 .debug_frame   0x000001a8      0x108 ./Src/ssd1306.o
 .debug_frame   0x000002b0       0x2c F:/stm32_1_9_0/STM32CubeIDE_1.19.0/STM32CubeIDE/plugins/com.st.stm32cube.ide.mcu.externaltools.gnu-tools-for-stm32.13.3.rel1.win32_1.0.0.202411081344/tools/bin/../lib/gcc/arm-none-eabi/13.3.1/../../../../arm-none-eabi/lib/thumb/v7-m/nofp\libc_nano.a(libc_a-init.o)

.debug_line_str
                0x00000000       0x3f
 .debug_line_str
                0x00000000       0x3f ./Startup/startup_stm32f103c8tx.o
